/private/tmp/quant-diagnosis-venv/lib/python3.9/site-packages/urllib3/__init__.py:35: NotOpenSSLWarning: urllib3 v2 only supports OpenSSL 1.1.1+, currently the 'ssl' module is compiled with 'LibreSSL 2.8.3'. See: https://github.com/urllib3/urllib3/issues/3020
  warnings.warn(
calibration 16 samples
calibration 32 samples
calibration 48 samples
calibration 64 samples
calibration 80 samples
calibration 96 samples
calibration 112 samples
calibration 128 samples
Published 6 calibration
Published 7 calibration
Published 8 calibration
Published 9 calibration
Published 10 calibration
Published 11 calibration
Published 12 calibration
Published 13 calibration
Published 14 calibration
Published 15 calibration
Published 16 calibration
Published 17 calibration
validation 16 samples
validation 32 samples
Published 6 validation
Published 7 validation
Published 8 validation
Published 9 validation
Published 10 validation
Published 11 validation
Published 12 validation
Published 13 validation
Published 14 validation
Published 15 validation
Published 16 validation
Published 17 validation
